[02:21:28] [Netty Epoll Server IO #2/ERROR]: Error sending packet clientbound/minecraft:disconnect
io.netty.handler.codec.EncoderException: Sending unknown packet 'clientbound/minecraft:disconnect'
	at knot/net.minecraft.class_9136.method_56426(class_9136.java:50) ~[server-intermediary.jar:?]
	at knot/net.minecraft.class_9136.encode(class_9136.java:14) ~[server-intermediary.jar:?]
	at knot/net.minecraft.class_2545.method_10838(class_2545.java:26) ~[server-intermediary.jar:?]
	at knot/net.minecraft.class_2545.encode(class_2545.java:12) ~[server-intermediary.jar:?]
	at knot/io.netty.handler.codec.MessageToByteEncoder.write(MessageToByteEncoder.java:107) ~[netty-codec-4.1.118.Final.jar:?]
	at knot/io.netty.channel.AbstractChannelHandlerContext.invokeWrite0(AbstractChannelHandlerContext.java:893) ~[netty-transport-4.1.118.Final.jar:?]
	at knot/io.netty.channel.AbstractChannelHandlerContext.invokeWrite(AbstractChannelHandlerContext.java:875) ~[netty-transport-4.1.118.Final.jar:?]
	at knot/io.netty.channel.AbstractChannelHandlerContext.write(AbstractChannelHandlerContext.java:984) ~[netty-transport-4.1.118.Final.jar:?]
	at knot/io.netty.channel.AbstractChannelHandlerContext.write(AbstractChannelHandlerContext.java:868) ~[netty-transport-4.1.118.Final.jar:?]
	at knot/io.netty.channel.ChannelOutboundHandlerAdapter.write(ChannelOutboundHandlerAdapter.java:113) ~[netty-transport-4.1.118.Final.jar:?]
	at knot/net.minecraft.class_2535$2.write(class_2535.java:524) ~[server-intermediary.jar:?]
	at knot/io.netty.channel.AbstractChannelHandlerContext.invokeWrite0(AbstractChannelHandlerContext.java:893) ~[netty-transport-4.1.118.Final.jar:?]
	at knot/io.netty.channel.AbstractChannelHandlerContext.invokeWriteAndFlush(AbstractChannelHandlerContext.java:956) ~[netty-transport-4.1.118.Final.jar:?]
	at knot/io.netty.channel.AbstractChannelHandlerContext.write(AbstractChannelHandlerContext.java:982) ~[netty-transport-4.1.118.Final.jar:?]
	at knot/io.netty.channel.AbstractChannelHandlerContext.writeAndFlush(AbstractChannelHandlerContext.java:950) ~[netty-transport-4.1.118.Final.jar:?]
	at knot/io.netty.channel.AbstractChannelHandlerContext.writeAndFlush(AbstractChannelHandlerContext.java:1000) ~[netty-transport-4.1.118.Final.jar:?]
	at knot/io.netty.channel.DefaultChannelPipeline.writeAndFlush(DefaultChannelPipeline.java:974) ~[netty-transport-4.1.118.Final.jar:?]
	at knot/io.netty.channel.AbstractChannel.writeAndFlush(AbstractChannel.java:305) ~[netty-transport-4.1.118.Final.jar:?]
	at knot/net.minecraft.class_2535.method_36942(class_2535.java:350) ~[server-intermediary.jar:?]
	at knot/net.minecraft.class_2535.method_10764(class_2535.java:342) ~[server-intermediary.jar:?]
	at knot/net.minecraft.class_2535.method_52906(class_2535.java:324) ~[server-intermediary.jar:?]
	at knot/net.minecraft.class_2535.method_10752(class_2535.java:318) ~[server-intermediary.jar:?]
	at knot/net.minecraft.class_2535.exceptionCaught(class_2535.java:169) ~[server-intermediary.jar:?]
	at knot/io.netty.channel.AbstractChannelHandlerContext.invokeExceptionCaught(AbstractChannelHandlerContext.java:346) ~[netty-transport-4.1.118.Final.jar:?]
	at knot/io.netty.channel.AbstractChannelHandlerContext.invokeExceptionCaught(AbstractChannelHandlerContext.java:325) ~[netty-transport-4.1.118.Final.jar:?]
	at knot/io.netty.channel.AbstractChannelHandlerContext.fireExceptionCaught(AbstractChannelHandlerContext.java:317) ~[netty-transport-4.1.118.Final.jar:?]
	at knot/io.netty.channel.DefaultChannelPipeline$HeadContext.exceptionCaught(DefaultChannelPipeline.java:1324) ~[netty-transport-4.1.118.Final.jar:?]
	at knot/io.netty.channel.AbstractChannelHandlerContext.invokeExceptionCaught(AbstractChannelHandlerContext.java:346) ~[netty-transport-4.1.118.Final.jar:?]
	at knot/io.netty.channel.AbstractChannelHandlerContext.invokeExceptionCaught(AbstractChannelHandlerContext.java:325) ~[netty-transport-4.1.118.Final.jar:?]
	at knot/io.netty.channel.DefaultChannelPipeline.fireExceptionCaught(DefaultChannelPipeline.java:856) ~[netty-transport-4.1.118.Final.jar:?]
	at knot/io.netty.channel.epoll.AbstractEpollStreamChannel$EpollStreamUnsafe.handleReadException(AbstractEpollStreamChannel.java:727) ~[netty-transport-classes-epoll-4.1.118.Final.jar:?]
	at knot/io.netty.channel.epoll.AbstractEpollStreamChannel$EpollStreamUnsafe.epollInReady(AbstractEpollStreamChannel.java:825) ~[netty-transport-classes-epoll-4.1.118.Final.jar:?]
	at knot/io.netty.channel.epoll.EpollEventLoop.processReady(EpollEventLoop.java:501) ~[netty-transport-classes-epoll-4.1.118.Final.jar:?]
	at knot/io.netty.channel.epoll.EpollEventLoop.run(EpollEventLoop.java:399) ~[netty-transport-classes-epoll-4.1.118.Final.jar:?]
	at knot/io.netty.util.concurrent.SingleThreadEventExecutor$4.run(SingleThreadEventExecutor.java:998) ~[netty-common-4.1.118.Final.jar:?]
	at knot/io.netty.util.internal.ThreadExecutorMap$2.run(ThreadExecutorMap.java:74) ~[netty-common-4.1.118.Final.jar:?]
	at java.base/java.lang.Thread.run(Unknown Source) [?:?]
[05:13:58] [Server thread/INFO]: SpiderGeneral (/124.43.246.34:60277) lost connection: Timed out
[08:47:48] [Netty Epoll Server IO #0/ERROR]: Error sending packet clientbound/minecraft:disconnect
io.netty.handler.codec.EncoderException: Sending unknown packet 'clientbound/minecraft:disconnect'
	at knot/net.minecraft.class_9136.method_56426(class_9136.java:50) ~[server-intermediary.jar:?]
	at knot/net.minecraft.class_9136.encode(class_9136.java:14) ~[server-intermediary.jar:?]
	at knot/net.minecraft.class_2545.method_10838(class_2545.java:26) ~[server-intermediary.jar:?]
	at knot/net.minecraft.class_2545.encode(class_2545.java:12) ~[server-intermediary.jar:?]
	at knot/io.netty.handler.codec.MessageToByteEncoder.write(MessageToByteEncoder.java:107) ~[netty-codec-4.1.118.Final.jar:?]
	at knot/io.netty.channel.AbstractChannelHandlerContext.invokeWrite0(AbstractChannelHandlerContext.java:893) ~[netty-transport-4.1.118.Final.jar:?]
	at knot/io.netty.channel.AbstractChannelHandlerContext.invokeWrite(AbstractChannelHandlerContext.java:875) ~[netty-transport-4.1.118.Final.jar:?]
	at knot/io.netty.channel.AbstractChannelHandlerContext.write(AbstractChannelHandlerContext.java:984) ~[netty-transport-4.1.118.Final.jar:?]
	at knot/io.netty.channel.AbstractChannelHandlerContext.write(AbstractChannelHandlerContext.java:868) ~[netty-transport-4.1.118.Final.jar:?]
	at knot/io.netty.channel.ChannelOutboundHandlerAdapter.write(ChannelOutboundHandlerAdapter.java:113) ~[netty-transport-4.1.118.Final.jar:?]
	at knot/net.minecraft.class_2535$2.write(class_2535.java:524) ~[server-intermediary.jar:?]
	at knot/io.netty.channel.AbstractChannelHandlerContext.invokeWrite0(AbstractChannelHandlerContext.java:893) ~[netty-transport-4.1.118.Final.jar:?]
	at knot/io.netty.channel.AbstractChannelHandlerContext.invokeWriteAndFlush(AbstractChannelHandlerContext.java:956) ~[netty-transport-4.1.118.Final.jar:?]
	at knot/io.netty.channel.AbstractChannelHandlerContext.write(AbstractChannelHandlerContext.java:982) ~[netty-transport-4.1.118.Final.jar:?]
	at knot/io.netty.channel.AbstractChannelHandlerContext.writeAndFlush(AbstractChannelHandlerContext.java:950) ~[netty-transport-4.1.118.Final.jar:?]
	at knot/io.netty.channel.AbstractChannelHandlerContext.writeAndFlush(AbstractChannelHandlerContext.java:1000) ~[netty-transport-4.1.118.Final.jar:?]
	at knot/io.netty.channel.DefaultChannelPipeline.writeAndFlush(DefaultChannelPipeline.java:974) ~[netty-transport-4.1.118.Final.jar:?]
	at knot/io.netty.channel.AbstractChannel.writeAndFlush(AbstractChannel.java:305) ~[netty-transport-4.1.118.Final.jar:?]
	at knot/net.minecraft.class_2535.method_36942(class_2535.java:350) ~[server-intermediary.jar:?]
	at knot/net.minecraft.class_2535.method_10764(class_2535.java:342) ~[server-intermediary.jar:?]
	at knot/net.minecraft.class_2535.method_52906(class_2535.java:324) ~[server-intermediary.jar:?]
	at knot/net.minecraft.class_2535.method_10752(class_2535.java:318) ~[server-intermediary.jar:?]
	at knot/net.minecraft.class_2535.exceptionCaught(class_2535.java:169) ~[server-intermediary.jar:?]
	at knot/io.netty.channel.AbstractChannelHandlerContext.invokeExceptionCaught(AbstractChannelHandlerContext.java:346) ~[netty-transport-4.1.118.Final.jar:?]
	at knot/io.netty.channel.AbstractChannelHandlerContext.invokeExceptionCaught(AbstractChannelHandlerContext.java:325) ~[netty-transport-4.1.118.Final.jar:?]
	at knot/io.netty.channel.AbstractChannelHandlerContext.fireExceptionCaught(AbstractChannelHandlerContext.java:317) ~[netty-transport-4.1.118.Final.jar:?]
	at knot/io.netty.channel.DefaultChannelPipeline$HeadContext.exceptionCaught(DefaultChannelPipeline.java:1324) ~[netty-transport-4.1.118.Final.jar:?]
	at knot/io.netty.channel.AbstractChannelHandlerContext.invokeExceptionCaught(AbstractChannelHandlerContext.java:346) ~[netty-transport-4.1.118.Final.jar:?]
	at knot/io.netty.channel.AbstractChannelHandlerContext.invokeExceptionCaught(AbstractChannelHandlerContext.java:325) ~[netty-transport-4.1.118.Final.jar:?]
	at knot/io.netty.channel.DefaultChannelPipeline.fireExceptionCaught(DefaultChannelPipeline.java:856) ~[netty-transport-4.1.118.Final.jar:?]
	at knot/io.netty.channel.epoll.AbstractEpollStreamChannel$EpollStreamUnsafe.handleReadException(AbstractEpollStreamChannel.java:727) ~[netty-transport-classes-epoll-4.1.118.Final.jar:?]
	at knot/io.netty.channel.epoll.AbstractEpollStreamChannel$EpollStreamUnsafe.epollInReady(AbstractEpollStreamChannel.java:825) ~[netty-transport-classes-epoll-4.1.118.Final.jar:?]
	at knot/io.netty.channel.epoll.EpollEventLoop.processReady(EpollEventLoop.java:501) ~[netty-transport-classes-epoll-4.1.118.Final.jar:?]
	at knot/io.netty.channel.epoll.EpollEventLoop.run(EpollEventLoop.java:399) ~[netty-transport-classes-epoll-4.1.118.Final.jar:?]
	at knot/io.netty.util.concurrent.SingleThreadEventExecutor$4.run(SingleThreadEventExecutor.java:998) ~[netty-common-4.1.118.Final.jar:?]
	at knot/io.netty.util.internal.ThreadExecutorMap$2.run(ThreadExecutorMap.java:74) ~[netty-common-4.1.118.Final.jar:?]
	at java.base/java.lang.Thread.run(Unknown Source) [?:?]
[09:06:25] [User Authenticator #2/INFO]: UUID of player SpiderGeneral is 25856665-e18e-4c78-81c1-4e5e3dd37ea3
[09:06:30] [Server thread/INFO]: SpiderGeneral[/112.135.78.171:39186] logged in with entity id 677 at (-531.5793276157661, 152.0, 336.4428218820888)
[09:06:30] [Server thread/INFO]: SpiderGeneral joined the game
[09:06:30] [Server thread/INFO]: [voicechat] Received secret request of SpiderGeneral (20)
[09:06:30] [Server thread/INFO]: [voicechat] Sent secret to SpiderGeneral
[09:06:32] [VoiceChatPacketProcessingThread/INFO]: [voicechat] Successfully authenticated player 25856665-e18e-4c78-81c1-4e5e3dd37ea3
[09:06:33] [VoiceChatPacketProcessingThread/INFO]: [voicechat] Successfully validated connection of player 25856665-e18e-4c78-81c1-4e5e3dd37ea3
[09:06:33] [VoiceChatPacketProcessingThread/INFO]: [voicechat] Player SpiderGeneral (25856665-e18e-4c78-81c1-4e5e3dd37ea3) successfully connected to voice chat
[09:06:51] [VoiceChatPacketProcessingThread/INFO]: [voicechat] Player 25856665-e18e-4c78-81c1-4e5e3dd37ea3 timed out
[09:06:51] [VoiceChatPacketProcessingThread/INFO]: [voicechat] Reconnecting player SpiderGeneral
[09:06:51] [VoiceChatPacketProcessingThread/INFO]: [voicechat] Sent secret to SpiderGeneral
[09:07:00] [Server thread/INFO]: SpiderGeneral lost connection: Timed out
[09:07:00] [Server thread/INFO]: SpiderGeneral left the game
[09:07:00] [Server thread/INFO]: [voicechat] Disconnecting client SpiderGeneral
[09:07:00] [Server thread/WARN]: handleDisconnection() called twice
[09:07:21] [User Authenticator #3/INFO]: UUID of player SpiderGeneral is 25856665-e18e-4c78-81c1-4e5e3dd37ea3
[09:07:24] [Server thread/INFO]: SpiderGeneral[/112.135.78.171:37969] logged in with entity id 836 at (-530.4583694534298, 152.00133597911216, 343.7174768223409)
[09:07:24] [Server thread/INFO]: SpiderGeneral joined the game
[09:07:25] [Server thread/INFO]: [voicechat] Received secret request of SpiderGeneral (20)
[09:07:25] [Server thread/INFO]: [voicechat] Sent secret to SpiderGeneral
[09:07:25] [VoiceChatPacketProcessingThread/INFO]: [voicechat] Successfully authenticated player 25856665-e18e-4c78-81c1-4e5e3dd37ea3
[09:07:26] [VoiceChatPacketProcessingThread/INFO]: [voicechat] Successfully validated connection of player 25856665-e18e-4c78-81c1-4e5e3dd37ea3
[09:07:26] [VoiceChatPacketProcessingThread/INFO]: [voicechat] Player SpiderGeneral (25856665-e18e-4c78-81c1-4e5e3dd37ea3) successfully connected to voice chat
[09:08:17] [Server thread/INFO]: SpiderGeneral fell from a high place
[09:08:48] [Server thread/INFO]: SpiderGeneral was shot by Skeleton
[09:09:20] [Server thread/INFO]: [SpiderGeneral: Created new objective [deaths]]
[09:09:31] [Server thread/INFO]: [SpiderGeneral: Set display slot list to show objective deaths]
[09:10:20] [Server thread/INFO]: [SpiderGeneral: Set the time to 1000]
[09:10:26] [Server thread/INFO]: [SpiderGeneral: Set the time to 0]
[09:13:00] [Server thread/INFO]: [SpiderGeneral: Set the time to 13000]
[09:13:06] [Server thread/INFO]: [SpiderGeneral: Set the time to 6000]
[09:13:09] [Server thread/INFO]: [SpiderGeneral: Set the time to 18000]
[09:13:16] [Server thread/INFO]: [SpiderGeneral: Set the time to 1000]
[09:13:18] [Server thread/INFO]: [SpiderGeneral: Set the time to 0]
[09:13:21] [Server thread/INFO]: [SpiderGeneral: Set the time to 0]
[09:13:24] [Server thread/INFO]: SpiderGeneral lost connection: Disconnected
[09:13:24] [Server thread/INFO]: SpiderGeneral left the game
[09:13:24] [Server thread/INFO]: [voicechat] Disconnecting client SpiderGeneral
[09:14:24] [Server thread/INFO]: Server empty for 60 seconds, pausing
[10:31:14] [Server thread/INFO]: KittyScan (/176.65.148.4:58022) lost connection: Disconnected
[15:35:08] [User Authenticator #4/INFO]: UUID of player KittyScanNya is 0235ffa8-ad25-4537-a3fd-535afff0987c
[15:35:08] [Server thread/INFO]: Disconnecting KittyScanNya (/176.65.148.174:50028): You are not white-listed on this server!
[15:35:08] [Server thread/INFO]: KittyScanNya (/176.65.148.174:50028) lost connection: You are not white-listed on this server!
[15:35:08] [Server thread/WARN]: handleDisconnection() called twice
